Training on GPU 0: GPU-c400f524-6282-28d9-992b-2afb78f414cf
NVIDIA GeForce RTX 4090, 49140 MiB, 1 MiB, 0 %
GPU NVIDIA GeForce RTX 4090 CUDA_VISIBLE_DEVICES=GPU-c400f524-6282-28d9-992b-2afb78f414cf
DOWNLOAD convaiinnovations/laya-multilingual e4e9ddf21a7b1903b7acffd8814ad4307bf63a67

Fetching 5 files:   0%|          | 0/5 [00:00<?, ?it/s]
Fetching 5 files: 100%|██████████| 5/5 [00:00<00:00, 1114.44it/s]
DATA train.jsonl: 77259 rows; max_tokens=194
DATA calibration.jsonl: 5000 rows; max_tokens=153
DATA test.jsonl: 5000 rows; max_tokens=221
TRAIN epochs=3 updates=906 effective_batch=256 smoke_limit=0
PROGRESS epoch=1/3 update=1/906 loss=1.02618 elapsed=1.5s
PROGRESS epoch=1/3 update=20/906 loss=0.72184 elapsed=16.3s
PROGRESS epoch=1/3 update=40/906 loss=0.60884 elapsed=32.0s
PROGRESS epoch=1/3 update=60/906 loss=0.65025 elapsed=47.9s
PROGRESS epoch=1/3 update=80/906 loss=0.59133 elapsed=63.5s
PROGRESS epoch=1/3 update=100/906 loss=0.60664 elapsed=79.5s
PROGRESS epoch=1/3 update=120/906 loss=0.57148 elapsed=95.1s
PROGRESS epoch=1/3 update=140/906 loss=0.67110 elapsed=110.8s
PROGRESS epoch=1/3 update=160/906 loss=0.66822 elapsed=126.2s
PROGRESS epoch=1/3 update=180/906 loss=0.58465 elapsed=141.8s
PROGRESS epoch=1/3 update=200/906 loss=0.58417 elapsed=157.4s
PROGRESS epoch=1/3 update=220/906 loss=0.50220 elapsed=172.8s
PROGRESS epoch=1/3 update=240/906 loss=0.57834 elapsed=188.6s
PROGRESS epoch=1/3 update=260/906 loss=0.66124 elapsed=204.1s
PROGRESS epoch=1/3 update=280/906 loss=0.56645 elapsed=219.5s
PROGRESS epoch=1/3 update=300/906 loss=0.61232 elapsed=235.2s
PROGRESS epoch=1/3 update=302/906 loss=0.51444 elapsed=236.5s
CHECKPOINT <workdir>/laya-sentiment-model-cap100-natural/checkpoint-latest
PROGRESS epoch=2/3 update=320/906 loss=0.45688 elapsed=251.3s
PROGRESS epoch=2/3 update=340/906 loss=0.50941 elapsed=266.8s
PROGRESS epoch=2/3 update=360/906 loss=0.40639 elapsed=282.5s
PROGRESS epoch=2/3 update=380/906 loss=0.44460 elapsed=297.9s
PROGRESS epoch=2/3 update=400/906 loss=0.38909 elapsed=313.5s
PROGRESS epoch=2/3 update=420/906 loss=0.49057 elapsed=329.1s
PROGRESS epoch=2/3 update=440/906 loss=0.54730 elapsed=344.6s
PROGRESS epoch=2/3 update=460/906 loss=0.50289 elapsed=360.1s
PROGRESS epoch=2/3 update=480/906 loss=0.41543 elapsed=375.9s
PROGRESS epoch=2/3 update=500/906 loss=0.44426 elapsed=391.8s
PROGRESS epoch=2/3 update=520/906 loss=0.55615 elapsed=407.5s
PROGRESS epoch=2/3 update=540/906 loss=0.52400 elapsed=422.9s
PROGRESS epoch=2/3 update=560/906 loss=0.44676 elapsed=438.5s
PROGRESS epoch=2/3 update=580/906 loss=0.36743 elapsed=453.9s
PROGRESS epoch=2/3 update=600/906 loss=0.43837 elapsed=469.4s
PROGRESS epoch=2/3 update=604/906 loss=0.51134 elapsed=472.5s
CHECKPOINT <workdir>/laya-sentiment-model-cap100-natural/checkpoint-latest
PROGRESS epoch=3/3 update=620/906 loss=0.35824 elapsed=485.9s
PROGRESS epoch=3/3 update=640/906 loss=0.36217 elapsed=501.4s
PROGRESS epoch=3/3 update=660/906 loss=0.30204 elapsed=516.9s
PROGRESS epoch=3/3 update=680/906 loss=0.26869 elapsed=532.4s
PROGRESS epoch=3/3 update=700/906 loss=0.28157 elapsed=547.9s
PROGRESS epoch=3/3 update=720/906 loss=0.33945 elapsed=563.4s
PROGRESS epoch=3/3 update=740/906 loss=0.34065 elapsed=579.0s
PROGRESS epoch=3/3 update=760/906 loss=0.28821 elapsed=594.3s
PROGRESS epoch=3/3 update=780/906 loss=0.42211 elapsed=609.8s
PROGRESS epoch=3/3 update=800/906 loss=0.20405 elapsed=625.4s
PROGRESS epoch=3/3 update=820/906 loss=0.27164 elapsed=640.7s
PROGRESS epoch=3/3 update=840/906 loss=0.23241 elapsed=656.6s
PROGRESS epoch=3/3 update=860/906 loss=0.31666 elapsed=672.3s
PROGRESS epoch=3/3 update=880/906 loss=0.35175 elapsed=687.9s
PROGRESS epoch=3/3 update=900/906 loss=0.31561 elapsed=703.8s
PROGRESS epoch=3/3 update=906/906 loss=0.36136 elapsed=708.4s
CHECKPOINT <workdir>/laya-sentiment-model-cap100-natural/checkpoint-latest
COMPLETE <workdir>/laya-sentiment-model-cap100-natural/final test_macro_f1= 0.7229987865155237 temperature= 1.7960247406377925
