Training on GPU 0: GPU-c400f524-6282-28d9-992b-2afb78f414cf
NVIDIA GeForce RTX 4090, 49140 MiB, 1 MiB, 0 %
GPU NVIDIA GeForce RTX 4090 CUDA_VISIBLE_DEVICES=GPU-c400f524-6282-28d9-992b-2afb78f414cf
DOWNLOAD convaiinnovations/laya-multilingual e4e9ddf21a7b1903b7acffd8814ad4307bf63a67
Fetching 5 files:   0%|          | 0/5 [00:00<?, ?it/s]Fetching 5 files: 100%|██████████| 5/5 [00:00<00:00, 1253.68it/s]
DATA train.jsonl: 77259 rows; max_tokens=194
DATA calibration.jsonl: 5000 rows; max_tokens=153
DATA test.jsonl: 5000 rows; max_tokens=221
CLASS_WEIGHTS sqrt {'负面': 1.190349, '中性': 1.129319, '正面': 0.835458}
TRAIN epochs=3 updates=906 effective_batch=256 smoke_limit=0
PROGRESS epoch=1/3 update=1/906 loss=1.02754 elapsed=1.5s
PROGRESS epoch=1/3 update=20/906 loss=0.74953 elapsed=16.2s
PROGRESS epoch=1/3 update=40/906 loss=0.63041 elapsed=31.7s
PROGRESS epoch=1/3 update=60/906 loss=0.67569 elapsed=47.4s
PROGRESS epoch=1/3 update=80/906 loss=0.61437 elapsed=63.0s
PROGRESS epoch=1/3 update=100/906 loss=0.63283 elapsed=78.5s
PROGRESS epoch=1/3 update=120/906 loss=0.59701 elapsed=94.2s
PROGRESS epoch=1/3 update=140/906 loss=0.69364 elapsed=109.8s
PROGRESS epoch=1/3 update=160/906 loss=0.69114 elapsed=125.3s
PROGRESS epoch=1/3 update=180/906 loss=0.60254 elapsed=140.9s
PROGRESS epoch=1/3 update=200/906 loss=0.60307 elapsed=156.6s
PROGRESS epoch=1/3 update=220/906 loss=0.52275 elapsed=172.1s
PROGRESS epoch=1/3 update=240/906 loss=0.60384 elapsed=187.9s
PROGRESS epoch=1/3 update=260/906 loss=0.68794 elapsed=203.6s
PROGRESS epoch=1/3 update=280/906 loss=0.59367 elapsed=218.6s
PROGRESS epoch=1/3 update=300/906 loss=0.64236 elapsed=233.8s
PROGRESS epoch=1/3 update=302/906 loss=0.53338 elapsed=235.1s
CHECKPOINT laya-sentiment-model-cap100-natural-cw-sqrt/checkpoint-latest
PROGRESS epoch=2/3 update=320/906 loss=0.47545 elapsed=249.5s
PROGRESS epoch=2/3 update=340/906 loss=0.53129 elapsed=264.6s
PROGRESS epoch=2/3 update=360/906 loss=0.41669 elapsed=279.8s
PROGRESS epoch=2/3 update=380/906 loss=0.46144 elapsed=294.8s
PROGRESS epoch=2/3 update=400/906 loss=0.41058 elapsed=310.0s
PROGRESS epoch=2/3 update=420/906 loss=0.50026 elapsed=325.1s
PROGRESS epoch=2/3 update=440/906 loss=0.58179 elapsed=340.1s
PROGRESS epoch=2/3 update=460/906 loss=0.52788 elapsed=355.2s
PROGRESS epoch=2/3 update=480/906 loss=0.43670 elapsed=370.3s
PROGRESS epoch=2/3 update=500/906 loss=0.46088 elapsed=385.3s
PROGRESS epoch=2/3 update=520/906 loss=0.57754 elapsed=400.5s
PROGRESS epoch=2/3 update=540/906 loss=0.54371 elapsed=415.4s
PROGRESS epoch=2/3 update=560/906 loss=0.46159 elapsed=430.6s
PROGRESS epoch=2/3 update=580/906 loss=0.37651 elapsed=445.5s
PROGRESS epoch=2/3 update=600/906 loss=0.44570 elapsed=460.7s
PROGRESS epoch=2/3 update=604/906 loss=0.52432 elapsed=463.7s
CHECKPOINT laya-sentiment-model-cap100-natural-cw-sqrt/checkpoint-latest
PROGRESS epoch=3/3 update=620/906 loss=0.37985 elapsed=476.8s
PROGRESS epoch=3/3 update=640/906 loss=0.36849 elapsed=491.8s
PROGRESS epoch=3/3 update=660/906 loss=0.30893 elapsed=507.0s
PROGRESS epoch=3/3 update=680/906 loss=0.28085 elapsed=522.1s
PROGRESS epoch=3/3 update=700/906 loss=0.29390 elapsed=537.0s
PROGRESS epoch=3/3 update=720/906 loss=0.34801 elapsed=552.2s
PROGRESS epoch=3/3 update=740/906 loss=0.32785 elapsed=567.3s
PROGRESS epoch=3/3 update=760/906 loss=0.28762 elapsed=582.3s
PROGRESS epoch=3/3 update=780/906 loss=0.43867 elapsed=597.5s
PROGRESS epoch=3/3 update=800/906 loss=0.22332 elapsed=612.7s
PROGRESS epoch=3/3 update=820/906 loss=0.28058 elapsed=627.6s
PROGRESS epoch=3/3 update=840/906 loss=0.23523 elapsed=642.7s
PROGRESS epoch=3/3 update=860/906 loss=0.31624 elapsed=657.9s
PROGRESS epoch=3/3 update=880/906 loss=0.36688 elapsed=672.9s
PROGRESS epoch=3/3 update=900/906 loss=0.32514 elapsed=688.0s
PROGRESS epoch=3/3 update=906/906 loss=0.36576 elapsed=692.4s
CHECKPOINT laya-sentiment-model-cap100-natural-cw-sqrt/checkpoint-latest
COMPLETE laya-sentiment-model-cap100-natural-cw-sqrt/final test_macro_f1= 0.7208469922227648 temperature= 1.7774909064238194
PROGRESS 512/5465
PROGRESS 1024/5465
PROGRESS 1536/5465
PROGRESS 2048/5465
PROGRESS 2560/5465
PROGRESS 3072/5465
PROGRESS 3584/5465
PROGRESS 4096/5465
PROGRESS 4608/5465
PROGRESS 5120/5465
PROGRESS 5465/5465
PROGRESS 300/300
PROGRESS 300/300
PROGRESS 300/300
DONE sqrt
